ARM Linker, RVCT3.1 [Build 569] 

================================================================================

Section Cross References

    wmp.o(ServiceHeader) refers to main.o(.text) for Service_Entry
    main.o(.text) refers to zt_main.o(.text) for zt_ota_main
    main.o(.text) refers to wmp.o(ServiceHeader) for TK_dll_set_sb
    main.o(.text) refers to main.o(.data) for .data
    main.o(.text) refers to main.o(.bss) for .bss
    zt_main.o(.text) refers to wmp.o(ServiceHeader) for zt_trace
    zt_main.o(.text) refers to kfd_protocol.o(.text) for kfd_connect_service
    zt_main.o(.text) refers to zt_smart_control.o(.text) for bt_uart_send_heart
    zt_main.o(.text) refers to zt_gsensor.o(.text) for zt_gsensor_init
    zt_main.o(.text) refers to zt_main.o(.constdata) for .constdata
    zt_smart_control.o(.text) refers to wmp.o(ServiceHeader) for GPIO_WriteIO
    zt_smart_control.o(.text) refers to mktime.o(.text) for mktime
    zt_smart_control.o(.text) refers to rt_memclr_w.o(.text) for __aeabi_memclr4
    zt_smart_control.o(.text) refers to rt_memcpy.o(.text) for __aeabi_memcpy
    zt_smart_control.o(.text) refers to kfd_protocol.o(.text) for get_crc16
    zt_smart_control.o(.text) refers to zt_smart_control.o(.data) for .data
    zt_smart_control.o(.text) refers to zt_smart_control.o(.bss) for .bss
    zt_smart_control.o(.text) refers to zt_smart_control.o(.constdata) for .constdata
    zt_smart_control.o(.text) refers to zt_interface.o(.text) for zt_write_config_in_fs
    zt_smart_control.o(.text) refers to kfd_protocol.o(.bss) for gps_tracker_config
    zt_smart_control.o(.text) refers to __0sprintf.o(.text) for __1sprintf
    zt_smart_control.o(.text) refers to strlen.o(.text) for strlen
    zt_smart_control.o(.text) refers to aeabi_sdiv.o(.text_udiv) for __aeabi_uidivmod
    zt_smart_control.o(.text) refers to aeabi_sdiv.o(.text) for __aeabi_idivmod
    zt_smart_control.o(.text) refers to uwrite4.o(.text) for __aeabi_uwrite4
    zt_smart_control.o(.text) refers to uread4.o(.text) for __aeabi_uread4
    zt_smart_control.o(.text) refers to scalbn_noclz.o(x$fpl$scalbn) for __ARM_scalbn
    zt_smart_control.o(.text) refers to dmul.o(x$fpl$dmul) for __aeabi_dmul
    zt_smart_control.o(.text) refers to dflt_noclz.o(x$fpl$dfltu) for __aeabi_ui2d
    zt_smart_control.o(.text) refers to ddiv.o(x$fpl$ddiv) for __aeabi_ddiv
    zt_smart_control.o(.text) refers to dfixu.o(x$fpl$dfixu) for __aeabi_d2uiz
    zt_smart_control.o(.text) refers to zt_gsensor.o(.text) for zt_gsensor_check_is_shake_sharp
    zt_smart_control.o(.text) refers to zt_agps.o(.text) for zt_agps_request
    zt_smart_control.o(.text) refers to strstr.o(.text) for strstr
    zt_smart_control.o(.text) refers to atoi.o(.text) for atoi
    zt_smart_control.o(.text) refers (Special) to _printf_dec.o(.text) for _printf_int_dec
    zt_smart_control.o(.text) refers (Special) to _printf_str.o(.text) for _printf_str
    zt_smart_control.o(.text) refers (Special) to __printf.o(.text) for _printf_percent
    zt_smart_control.o(.data) refers (Special) to _printf_dec.o(.text) for _printf_int_dec
    zt_smart_control.o(.data) refers (Special) to _printf_str.o(.text) for _printf_str
    zt_smart_control.o(.data) refers (Special) to __printf.o(.text) for _printf_percent
    zt_smart_control.o(.constdata) refers (Special) to _printf_dec.o(.text) for _printf_int_dec
    zt_smart_control.o(.constdata) refers (Special) to _printf_str.o(.text) for _printf_str
    zt_smart_control.o(.constdata) refers (Special) to __printf.o(.text) for _printf_percent
    zt_smart_control.o(.bss) refers (Special) to _printf_dec.o(.text) for _printf_int_dec
    zt_smart_control.o(.bss) refers (Special) to _printf_str.o(.text) for _printf_str
    zt_smart_control.o(.bss) refers (Special) to __printf.o(.text) for _printf_percent
    zt_gsensor.o(.text) refers to zt_smart_control.o(.text) for check_sharp_zhendong
    zt_gsensor.o(.text) refers to wmp.o(ServiceHeader) for zt_mma_get_acce_xyz
    zt_gsensor.o(.text) refers to zt_gsensor.o(.bss) for .bss
    zt_gsensor.o(.text) refers to zt_gsensor.o(.data) for .data
    kfd_protocol.o(.text) refers to wmp.o(ServiceHeader) for srv_nw_info_get_service_availability
    kfd_protocol.o(.text) refers to zt_smart_control.o(.text) for parse_imsi_package
    kfd_protocol.o(.text) refers to rt_memcpy.o(.text) for __aeabi_memcpy
    kfd_protocol.o(.text) refers to rt_memclr_w.o(.text) for __aeabi_memclr4
    kfd_protocol.o(.text) refers to zt_gsensor.o(.text) for zt_gsensor_get_curr_shake_value
    kfd_protocol.o(.text) refers to dmul.o(x$fpl$dmul) for __aeabi_dmul
    kfd_protocol.o(.text) refers to dfixu.o(x$fpl$dfixu) for __aeabi_d2uiz
    kfd_protocol.o(.text) refers to kfd_protocol.o(.data) for .data
    kfd_protocol.o(.text) refers to kfd_protocol.o(.bss) for .bss
    kfd_protocol.o(.text) refers to kfd_protocol.o(.constdata) for .constdata
    kfd_protocol.o(.text) refers to aeabi_sdiv.o(.text) for __aeabi_idivmod
[...]
    ../../angel/rt.s                         0x00000000   Number         0  rt_locale.o ABSOLUTE
    ../../angel/rt.s                         0x00000000   Number         0  rt_locale_intlibspace.o ABSOLUTE
    ../../angel/rt.s                         0x00000000   Number         0  rt_locale_onelibspace.o ABSOLUTE
    ../../angel/rt.s                         0x00000000   Number         0  rt_locale_twolibspace.o ABSOLUTE
    ../../angel/rt.s                         0x00000000   Number         0  rt_errno_addr.o ABSOLUTE
    ../../angel/rt.s                         0x00000000   Number         0  aeabi_idiv0.o ABSOLUTE
    ../../angel/sys.s                        0x00000000   Number         0  use_no_semi.o ABSOLUTE
    ../../angel/sys.s                        0x00000000   Number         0  sys_exit.o ABSOLUTE
    ../../angel/sysapp.c                     0x00000000   Number         0  sys_wrch.o ABSOLUTE
    ../../bigflt.c                           0x00000000   Number         0  bigflt0.o ABSOLUTE
    ../../btod.s                             0x00000000   Number         0  btod.o ABSOLUTE
    ../../classify.c                         0x00000000   Number         0  classify.o ABSOLUTE
    ../../d2f.s                              0x00000000   Number         0  d2f.o ABSOLUTE
    ../../dcheck.s                           0x00000000   Number         0  dcheck.o ABSOLUTE
    ../../dcheck1.s                          0x00000000   Number         0  dcheck1.o ABSOLUTE
    ../../dcmpin.s                           0x00000000   Number         0  dcmpin.o ABSOLUTE
    ../../ddiv.s                             0x00000000   Number         0  ddiv.o ABSOLUTE
    ../../dfixu.s                            0x00000000   Number         0  dfixu.o ABSOLUTE
    ../../dflt.s                             0x00000000   Number         0  dflt_noclz.o ABSOLUTE
    ../../division.s                         0x00000000   Number         0  aeabi_sdiv.o ABSOLUTE
    ../../division.s                         0x00000000   Number         0  aeabi_sdiv_div0.o ABSOLUTE
    ../../division.s                         0x00000000   Number         0  rtudiv10.o ABSOLUTE
    ../../divrt.s                            0x00000000   Number         0  divrt_7tdmi_div0.o ABSOLUTE
    ../../divrt.s                            0x00000000   Number         0  divrt_7tdmi.o ABSOLUTE
    ../../dleqf.s                            0x00000000   Number         0  dleqf.o ABSOLUTE
    ../../dmul.s                             0x00000000   Number         0  dmul.o ABSOLUTE
    ../../dtoi.c                             0x00000000   Number         0  dtoi.o ABSOLUTE
    ../../dunder.s                           0x00000000   Number         0  dunder.o ABSOLUTE
    ../../f2d.s                              0x00000000   Number         0  f2d.o ABSOLUTE
    ../../fcheck.s                           0x00000000   Number         0  fcheck.o ABSOLUTE
    ../../fcheck1.s                          0x00000000   Number         0  fcheck1.o ABSOLUTE
    ../../fdiv.s                             0x00000000   Number         0  fdiv.o ABSOLUTE
    ../../fflt.s                             0x00000000   Number         0  fflt_noclz.o ABSOLUTE
    ../../fnorm2.s                           0x00000000   Number         0  fnorm2_noclz.o ABSOLUTE
    ../../fpclassify.c                       0x00000000   Number         0  fpclassify.o ABSOLUTE
    ../../funder.s                           0x00000000   Number         0  funder.o ABSOLUTE
    ../../istatus.s                          0x00000000   Number         0  istatus.o ABSOLUTE
    ../../locale.s                           0x00000000   Number         0  lc_ctype_c.o ABSOLUTE
    ../../locale.s                           0x00000000   Number         0  lc_numeric_c.o ABSOLUTE
    ../../longlong.s                         0x00000000   Number         0  lludiv10.o ABSOLUTE
    ../../memcpset.s                         0x00000000   Number         0  strcmp.o ABSOLUTE
    ../../memcpset.s                         0x00000000   Number         0  rt_memcpy.o ABSOLUTE
    ../../memcpset.s                         0x00000000   Number         0  rt_memclr.o ABSOLUTE
    ../../memcpset.s                         0x00000000   Number         0  rt_memcpy_w.o ABSOLUTE
    ../../memcpset.s                         0x00000000   Number         0  rt_memclr_w.o ABSOLUTE
    ../../printf.c                           0x00000000   Number         0  _printf_char_common.o ABSOLUTE
    ../../printf.c                           0x00000000   Number         0  _sputc.o ABSOLUTE
    ../../printf.c                           0x00000000   Number         0  _printf_str.o ABSOLUTE
    ../../printf.c                           0x00000000   Number         0  _printf_longlong_hex.o ABSOLUTE
    ../../printf.c                           0x00000000   Number         0  _printf_input_char.o ABSOLUTE
    ../../printf.c                           0x00000000   Number         0  __0sprintf.o ABSOLUTE
    ../../printf.c                           0x00000000   Number         0  _printf_outstr_char.o ABSOLUTE
    ../../printf.c                           0x00000000   Number         0  __printf.o ABSOLUTE
    ../../printf.c                           0x00000000   Number         0  _printf_intcommon.o ABSOLUTE
    ../../printf.c                           0x00000000   Number         0  _printf_fp_dec.o ABSOLUTE
    ../../printf.c                           0x00000000   Number         0  _printf_dec.o ABSOLUTE
    ../../printf1.s                          0x00000000   Number         0  printf1.o ABSOLUTE
    ../../retnan.s                           0x00000000   Number         0  retnan.o ABSOLUTE
    ../../scalbn.s                           0x00000000   Number         0  scalbn_noclz.o ABSOLUTE
    ../../scanf.c                            0x00000000   Number         0  _chval.o ABSOLUTE
    ../../scanf.c                            0x00000000   Number         0  strtol.o ABSOLUTE
    ../../scanf.c                            0x00000000   Number         0  _strtoul.o ABSOLUTE
    ../../scanf.c                            0x00000000   Number         0  atoi.o ABSOLUTE
    ../../signal.c                           0x00000000   Number         0  defsig_fpe_inner.o ABSOLUTE
    ../../signal.c                           0x00000000   Number         0  defsig_exit.o ABSOLUTE
    ../../signal.c                           0x00000000   Number         0  __raise.o ABSOLUTE
    ../../signal.c                           0x00000000   Number         0  defsig_fpe_formal.o ABSOLUTE
    ../../signal.c                           0x00000000   Number         0  defsig_fpe_outer.o ABSOLUTE
    ../../signal.c                           0x00000000   Number         0  defsig_general.o ABSOLUTE
    ../../signal.s                           0x00000000   Number         0  defsig.o ABSOLUTE
    ../../string.c                           0x00000000   Number         0  strstr.o ABSOLUTE
    ../../string.c                           0x00000000   Number         0  strcat.o ABSOLUTE
    ../../string.c                           0x00000000   Number         0  strcpy.o ABSOLUTE
    ../../string.c                           0x00000000   Number         0  strlen.o ABSOLUTE
    ../../time.c                             0x00000000   Number         0  _monlen.o ABSOLUTE
    ../../time.c                             0x00000000   Number         0  mktime.o ABSOLUTE
    ../../trapv.s                            0x00000000   Number         0  trapv.o ABSOLUTE
    ../../unhosted.s                         0x00000000   Number         0  uwrite4.o ABSOLUTE
    ../../unhosted.s                         0x00000000   Number         0  callvia.o ABSOLUTE
    ../../unhosted.s                         0x00000000   Number         0  uread4.o ABSOLUTE
    ../../usenofp.s                          0x00000000   Number         0  usenofp.o ABSOLUTE
    SRC/kfd_protocol.c                       0x00000000   Number         0  kfd_protocol.o ABSOLUTE
    SRC/wmp.s                                0x00000000   Number         0  wmp.o ABSOLUTE
    SRC/zt_agps.c                            0x00000000   Number         0  zt_agps.o ABSOLUTE
    SRC/zt_gsensor.c                         0x00000000   Number         0  zt_gsensor.o ABSOLUTE
    SRC/zt_interface.c                       0x00000000   Number         0  zt_interface.o ABSOLUTE
    SRC/zt_main.c                            0x00000000   Number         0  zt_main.o ABSOLUTE
    SRC/zt_smart_control.c                   0x00000000   Number         0  zt_smart_control.o ABSOLUTE
    dc.s                                     0x00000000   Number         0  dc.o ABSOLUTE
    main.c                                   0x00000000   Number         0  main.o ABSOLUTE
    ServiceHeader                            0x00008000   Section      708  wmp.o(ServiceHeader)
    .text                                    0x000082c4   Section      144  main.o(.text)
    .text                                    0x00008354   Section      220  zt_main.o(.text)
    .text                                    0x00008430   Section    13116  zt_smart_control.o(.text)
    .text                                    0x0000b76c   Section      608  zt_gsensor.o(.text)
    .text                                    0x0000b9cc   Section     7564  kfd_protocol.o(.text)
    .text                                    0x0000d758   Section     1368  zt_agps.o(.text)
    .text                                    0x0000dcb0   Section      192  zt_interface.o(.text)
    .text                                    0x0000dd70   Section      760  __printf.o(.text)
    .text                                    0x0000e068   Section       94  _printf_str.o(.text)
    .text                                    0x0000e0c8   Section      204  _printf_longlong_hex.o(.text)
    .text                                    0x0000e194   Section      116  _printf_dec.o(.text)
    .text                                    0x0000e210   Section       44  __0sprintf.o(.text)
    .text                                    0x0000e244   Section       30  atoi.o(.text)
    .text                                    0x0000e264   Section      212  rt_memcpy.o(.text)
    .text                                    0x0000e338   Section       64  rt_memclr.o(.text)
    .text                                    0x0000e378   Section      100  rt_memcpy_w.o(.text)
    .text                                    0x0000e3dc   Section       84  rt_memclr_w.o(.text)
    .text                                    0x0000e438   Section       80  strcpy.o(.text)
    .text                                    0x0000e490   Section       72  strlen.o(.text)
    .text                                    0x0000e4d8   Section       32  uread4.o(.text)
    .text                                    0x0000e4f8   Section       32  uwrite4.o(.text)
    .text                                    0x0000e520   Section       26  strcat.o(.text)
    .text                                    0x0000e544   Section       42  strstr.o(.text)
    .text                                    0x0000e578   Section      428  mktime.o(.text)
    _tm_carry                                0x0000e579   Thumb Code    66  mktime.o(.text)
    .text                                    0x0000e728   Section      384  aeabi_sdiv.o(.text)
    __arm_div8                               0x0000e754   ARM Code       0  aeabi_sdiv.o(.text)
    __arm_div4                               0x0000e784   ARM Code       0  aeabi_sdiv.o(.text)
    __arm_div_large                          0x0000e7d8   ARM Code       0  aeabi_sdiv.o(.text)
    .text                                    0x0000e8ac   Section       20  rt_errno_addr.o(.text)
    .text                                    0x0000e8c0   Section      168  _printf_intcommon.o(.text)
    .text                                    0x0000e968   Section     1184  _printf_fp_dec.o(.text)
    _fp_digits                               0x0000e96b   Thumb Code   486  _printf_fp_dec.o(.text)
    .text                                    0x0000ee08   Section       52  _printf_char_common.o(.text)
    .text                                    0x0000ee3c   Section       10  _sputc.o(.text)
    .text                                    0x0000ee48   Section      116  strtol.o(.text)
    .text                                    0x0000eec0   Section       44  rtudiv10.o(.text)
    .text                                    0x0000eeec   Section       16  callvia.o(.text)
    .text                                    0x0000ef00   Section       24  rt_ctype_table.o(.text)
    .text                                    0x0000ef1c   Section       20  rt_locale.o(.text)
    .text                                    0x0000ef34   Section      160  lludiv10.o(.text)
    .text                                    0x0000efd4   Section      200  bigflt0.o(.text)
    .text                                    0x0000f09c   Section       32  _printf_outstr_char.o(.text)
    .text                                    0x0000f0bc   Section       10  _printf_input_char.o(.text)
    .text                                    0x0000f0c6   Section      166  _strtoul.o(.text)
    .text                                    0x0000f16c   Section       34  _chval.o(.text)
    .text                                    0x0000f190   Section      160  strcmp.o(.text)
    .text_udiv                               0x0000f230   Section       28  aeabi_sdiv.o(.text_udiv)
    CL$$btod_d2e                             0x0000f250   Section       56  btod.o(CL$$btod_d2e)
    CL$$btod_d2e_denorm_low                  0x0000f288   Section       84  btod.o(CL$$btod_d2e_denorm_low)
    CL$$btod_d2e_norm_op1                    0x0000f2dc   Section      104  btod.o(CL$$btod_d2e_norm_op1)
    CL$$btod_div_common                      0x0000f344   Section      844  btod.o(CL$$btod_div_common)
    CL$$btod_e2e                             0x0000f690   Section      220  btod.o(CL$$btod_e2e)
    CL$$btod_ediv                            0x0000f770   Section       52  btod.o(CL$$btod_ediv)
    CL$$btod_emul                            0x0000f7a8   Section       52  btod.o(CL$$btod_emul)
    CL$$btod_mult_common                     0x0000f7dc   Section      616  btod.o(CL$$btod_mult_common)
    i.__ARM_fpclassify                       0x0000fa54   Section       48  fpclassify.o(i.__ARM_fpclassify)
    i.__mathlib_classify                     0x0000fa88   Section       56  classify.o(i.__mathlib_classify)
    i.__support_dtoi                         0x0000fac4   Section       96  dtoi.o(i.__support_dtoi)
    locale$$code                             0x0000fb24   Section       80  lc_numeric_c.o(locale$$code)
    locale$$code                             0x0000fb74   Section       80  lc_ctype_c.o(locale$$code)
    x$fpl$d2f                                0x0000fbc4   Section      172  d2f.o(x$fpl$d2f)
    x$fpl$dcheck                             0x0000fc70   Section       16  dcheck.o(x$fpl$dcheck)
    x$fpl$dcheck1                            0x0000fc80   Section       16  dcheck1.o(x$fpl$dcheck1)
    x$fpl$dcmpinfnan                         0x0000fc90   Section      128  dcmpin.o(x$fpl$dcmpinfnan)
    x$fpl$ddiv                               0x0000fd10   Section     1216  ddiv.o(x$fpl$ddiv)
    ddiv_entry                               0x0000fd14   ARM Code       0  ddiv.o(x$fpl$ddiv)
    x$fpl$dfixu                              0x000101d0   Section      136  dfixu.o(x$fpl$dfixu)
    x$fpl$dflt                               0x00010258   Section       88  dflt_noclz.o(x$fpl$dflt)
    x$fpl$dfltu                              0x000102b0   Section       12  dflt_noclz.o(x$fpl$dfltu)
    x$fpl$dleqf                              0x000102bc   Section      136  dleqf.o(x$fpl$dleqf)
    x$fpl$dmul                               0x00010344   Section      476  dmul.o(x$fpl$dmul)
    x$fpl$dunder                             0x00010520   Section      276  dunder.o(x$fpl$dunder)
    x$fpl$f2d                                0x00010634   Section      100  f2d.o(x$fpl$f2d)
    x$fpl$fcheck                             0x00010698   Section       12  fcheck.o(x$fpl$fcheck)
    x$fpl$fcheck1                            0x000106a4   Section       12  fcheck1.o(x$fpl$fcheck1)
    x$fpl$fdiv                               0x000106b0   Section      484  fdiv.o(x$fpl$fdiv)
    _fdiv1                                   0x000106b0   ARM Code       0  fdiv.o(x$fpl$fdiv)
    x$fpl$fflt                               0x00010894   Section       92  fflt_noclz.o(x$fpl$fflt)
    x$fpl$fnorm2                             0x000108f0   Section      148  fnorm2_noclz.o(x$fpl$fnorm2)
    x$fpl$funder                             0x00010984   Section      144  funder.o(x$fpl$funder)
    x$fpl$ieeestatus                         0x00010a18   Section        8  istatus.o(x$fpl$ieeestatus)
    x$fpl$printf1                            0x00010a24   Section        4  printf1.o(x$fpl$printf1)
    x$fpl$retnan                             0x00010a28   Section      116  retnan.o(x$fpl$retnan)
    x$fpl$scalbn                             0x00010a9c   Section      108  scalbn_noclz.o(x$fpl$scalbn)
    x$fpl$trapveneer                         0x00010b08   Section       60  trapv.o(x$fpl$trapveneer)
    .constdata                               0x00010b44   Section       59  zt_main.o(.constdata)
    x$fpl$usenofp                            0x00010b44   Number         0  usenofp.o(x$fpl$usenofp)
    __func__@zt_main_full_service_0          0x00010b44   Data          21  zt_main.o(.constdata)
    __func__@zt_main_wait_full_service_0     0x00010b59   Data          26  zt_main.o(.constdata)
    __func__@zt_ota_main_0                   0x00010b73   Data          12  zt_main.o(.constdata)
    .constdata                               0x00010b7f   Section       56  zt_smart_control.o(.constdata)
    __func__@zt_smart_proc_network_data_0    0x00010b7f   Data          27  zt_smart_control.o(.constdata)
    __func__@zt_smart_update_network_data_0  0x00010b9a   Data          29  zt_smart_control.o(.constdata)
    .constdata                               0x00010bb7   Section      157  kfd_protocol.o(.constdata)
    __func__@kfd_reconnect_service_0         0x00010bb7   Data          22  kfd_protocol.o(.constdata)
    __func__@kfd_send_package_0              0x00010bcd   Data          17  kfd_protocol.o(.constdata)
    __func__@kfd_upload_login_package_0      0x00010bde   Data          25  kfd_protocol.o(.constdata)
    __func__@kfd_upload_hb_package_0         0x00010bf7   Data          22  kfd_protocol.o(.constdata)
    __func__@kfd_upload_alarm_package_0      0x00010c0d   Data          25  kfd_protocol.o(.constdata)
    __func__@kfd_upload_lbs_package_0        0x00010c26   Data          23  kfd_protocol.o(.constdata)
    __func__@kfd_upload_ver_package_0        0x00010c3d   Data          23  kfd_protocol.o(.constdata)
    .constdata                               0x00010c54   Section       17  __printf.o(.constdata)
    maptable@__printf_0                      0x00010c54   Data          17  __printf.o(.constdata)
    .constdata                               0x00010c65   Section       34  _printf_longlong_hex.o(.constdata)
    lc_hextab@_printf_longlong_hex_0         0x00010c65   Data          17  _printf_longlong_hex.o(.constdata)
    uc_hextab@_printf_longlong_hex_1         0x00010c76   Data          17  _printf_longlong_hex.o(.constdata)
    .constdata                               0x00010c87   Section       12  _monlen.o(.constdata)
    .constdata                               0x00010c94   Section      148  bigflt0.o(.constdata)
    tenpwrs_x@_btod_etento_0                 0x00010c94   Data          60  bigflt0.o(.constdata)
    tenpwrs_i@_btod_etento_1                 0x00010cd0   Data          64  bigflt0.o(.constdata)
    locale$$data                             0x00010d28   Section       28  lc_numeric_c.o(locale$$data)
    __lcnum_c_name                           0x00010d2c   Data           2  lc_numeric_c.o(locale$$data)
    __lcnum_c_start                          0x00010d34   Data           0  lc_numeric_c.o(locale$$data)
    __lcnum_c_point                          0x00010d40   Data           0  lc_numeric_c.o(locale$$data)
    __lcnum_c_thousands                      0x00010d42   Data           0  lc_numeric_c.o(locale$$data)
    __lcnum_c_grouping                       0x00010d43   Data           0  lc_numeric_c.o(locale$$data)
    locale$$data                             0x00010d44   Section      272  lc_ctype_c.o(locale$$data)
    __lcnum_c_end                            0x00010d44   Data           0  lc_numeric_c.o(locale$$data)
    __lcctype_c_name                         0x00010d48   Data           2  lc_ctype_c.o(locale$$data)
    __lcctype_c_start                        0x00010d50   Data           0  lc_ctype_c.o(locale$$data)
    __lcctype_c_end                          0x00010e54   Number         0  lc_ctype_c.o(locale$$data)
    .data                                    0x01000004   Section        8  main.o(.data)
    .data                                    0x0100000c   Section       92  zt_smart_control.o(.data)
    index@zt_smart_pre_uart_data_0           0x01000014   Data           1  zt_smart_control.o(.data)
    bat_flag@zt_smart_check_lundong_2        0x01000015   Data           1  zt_smart_control.o(.data)
    index@zt_smart_check_lundong_3           0x01000016   Data           1  zt_smart_control.o(.data)
    key_detect_num@zt_smart_key_detect_proc_0 0x01000017   Data           1  zt_smart_control.o(.data)
    pre_count@zt_smart_check_lundong_0       0x01000034   Data           4  zt_smart_control.o(.data)
    pre_hall@zt_smart_check_lundong_1        0x01000038   Data           4  zt_smart_control.o(.data)
    pre_zhendong@zt_smart_check_lundong_4    0x0100003c   Data           4  zt_smart_control.o(.data)
    .data                                    0x01000068   Section        6  zt_gsensor.o(.data)
    .data                                    0x01000070   Section      624  kfd_protocol.o(.data)
    kfd_connect_times                        0x01000072   Data           1  kfd_protocol.o(.data)
    delay_index@kfd_upload_data_package_0    0x01000073   Data           1  kfd_protocol.o(.data)
    CRC16_TABLE                              0x010000e0   Data         512  kfd_protocol.o(.data)
    .data                                    0x010002e0   Section      180  zt_agps.o(.data)
    .bss                                     0x01000394   Section       20  main.o(.bss)
    .bss                                     0x010003a8   Section       32  zt_smart_control.o(.bss)
    .bss                                     0x010003c8   Section      300  zt_gsensor.o(.bss)
    .bss                                     0x010004f8   Section      872  kfd_protocol.o(.bss)
    .bss                                     0x01000860   Section        4  rt_errno_addr.o(.bss)
    __aeabi_errno_addr_data                  0x01000860   Data           4  rt_errno_addr.o(.bss)
    .bss                                     0x01000864   Section       20  rt_locale.o(.bss)
    __rt_locale_data                         0x01000864   Data          20  rt_locale.o(.bss)

    Global Symbols

    Symbol Name                              Value     Ov Type        Size  Object(Section)

    $Super$$WriteLogFile                     0x00000000   ARM Code       0  wmp.sym ABSOLUTE
    BuildAttributes$$THM_ISAv1$ARM_ISAv4$M$S$PE$A:L22$X:L11$S22$IEEE1$IW$RWPI$~STKCKD$USESV7$~SHL$OSPACE$ROPI$EBA8$STANDARDLIB$REQ8$PRES8$EABIv2 0x00000000   Number         0  anon$$obj.o ABSOLUTE
    __fpl_infinity                            - Undefined Weak Reference
    __libspace_start                          - Undefined Weak Reference
    __rt_SIGABRT_inner                        - Undefined Weak Reference
    __rt_SIGCPPL_inner                        - Undefined Weak Reference
    __rt_SIGILL_inner                         - Undefined Weak Reference
    __rt_SIGINT_inner                         - Undefined Weak Reference
    __rt_SIGPVFN_inner                        - Undefined Weak Reference
    __rt_SIGRTMEM_inner                       - Undefined Weak Reference
    __rt_SIGRTRED_inner                       - Undefined Weak Reference
    __rt_SIGSEGV_inner                        - Undefined Weak Reference
    __rt_SIGSTAK_inner                        - Undefined Weak Reference
    __rt_SIGTERM_inner                        - Undefined Weak Reference
    __rt_SIGUSR1_inner                        - Undefined Weak Reference
    __rt_SIGUSR2_inner                        - Undefined Weak Reference
    __rt_sigother_inner                       - Undefined Weak Reference
    __sigvec_lookup                           - Undefined Weak Reference
    __user_libspace                           - Undefined Weak Reference
    __user_perproc_libspace                   - Undefined Weak Reference
    __user_perthread_libspace                 - Undefined Weak Reference
    _printf_charcount                         - Undefined Weak Reference
    _printf_fp_hex                            - Undefined Weak Reference
    _printf_longlong_dec                      - Undefined Weak Reference
    _printf_longlong_oct                      - Undefined Weak Reference
    _printf_mbtowc                            - Undefined Weak Reference
    _printf_post_padding                      - Undefined Weak Reference
    _printf_pre_padding                       - Undefined Weak Reference
    _printf_truncate_signed                   - Undefined Weak Reference
    _printf_truncate_unsigned                 - Undefined Weak Reference
    _printf_wc                                - Undefined Weak Reference
    _printf_wctomb                            - Undefined Weak Reference
    $Super$$zt_trace                         0x00000001   ARM Code       0  wmp.sym ABSOLUTE
    $Super$$zt_trace_set                     0x00000002   ARM Code       0  wmp.sym ABSOLUTE
    $Super$$zt_socket_launch                 0x00000003   ARM Code       0  wmp.sym ABSOLUTE
    $Super$$zt_socket_get_app_id             0x00000004   ARM Code       0  wmp.sym ABSOLUTE
    $Super$$zt_socket_free                   0x00000005   ARM Code       0  wmp.sym ABSOLUTE
    $Super$$zt_socket_send                   0x00000006   ARM Code       0  wmp.sym ABSOLUTE
    $Super$$zt_lis3dh_get_acce_xyz           0x00000007   ARM Code       0  wmp.sym ABSOLUTE
    $Super$$zt_mma_get_acce_xyz              0x00000008   ARM Code       0  wmp.sym ABSOLUTE
    $Super$$zt_mma_acce_get_tilt             0x00000009   ARM Code       0  wmp.sym ABSOLUTE
    $Super$$zt_voice_play                    0x0000000a   ARM Code       0  wmp.sym ABSOLUTE
    $Super$$zt_reset_system                  0x0000000b   ARM Code       0  wmp.sym ABSOLUTE
    $Super$$ztDelayms                        0x0000000c   ARM Code       0  wmp.sym ABSOLUTE
    $Super$$ztDelayus                        0x0000000d   ARM Code       0  wmp.sym ABSOLUTE
    $Super$$ReadRecord                       0x0000000e   ARM Code       0  wmp.sym ABSOLUTE
    $Super$$WriteRecord                      0x0000000f   ARM Code       0  wmp.sym ABSOLUTE
    $Super$$GetNvramID                       0x00000010   ARM Code       0  wmp.sym ABSOLUTE
    $Super$$StartTimer                       0x00000011   ARM Code       0  wmp.sym ABSOLUTE
    $Super$$StopTimer                        0x00000012   ARM Code       0  wmp.sym ABSOLUTE
    $Super$$GetTimerID                       0x00000013   ARM Code       0  wmp.sym ABSOLUTE
    $Super$$srv_nw_info_get_service_availability 0x00000014   ARM Code       0  wmp.sym ABSOLUTE
    $Super$$zt_lbs_req                       0x00000015   ARM Code       0  wmp.sym ABSOLUTE
    $Super$$zt_lbs_get_curr_lbs_info         0x00000016   ARM Code       0  wmp.sym ABSOLUTE
    $Super$$applib_dt_increase_time          0x00000017   ARM Code       0  wmp.sym ABSOLUTE
    $Super$$applib_dt_decrease_time          0x00000018   ARM Code       0  wmp.sym ABSOLUTE
    $Super$$RTC_GetTime_                     0x00000019   ARM Code       0  wmp.sym ABSOLUTE
    $Super$$mmi_dt_set_rtc_dt                0x0000001a   ARM Code       0  wmp.sym ABSOLUTE
    $Super$$zt_gps_get_curr_gps              0x0000001b   ARM Code       0  wmp.sym ABSOLUTE
    $Super$$zt_gps_power_off                 0x0000001c   ARM Code       0  wmp.sym ABSOLUTE
    $Super$$zt_gps_power_on                  0x0000001d   ARM Code       0  wmp.sym ABSOLUTE
    $Super$$zt_gps_get_pwr_status            0x0000001e   ARM Code       0  wmp.sym ABSOLUTE
    $Super$$srv_imei_get_imei                0x0000001f   ARM Code       0  wmp.sym ABSOLUTE
    $Super$$open_led2                        0x00000020   ARM Code       0  wmp.sym ABSOLUTE
    $Super$$close_led2                       0x00000021   ARM Code       0  wmp.sym ABSOLUTE
    $Super$$zt_led_open_gsm_led              0x00000022   ARM Code       0  wmp.sym ABSOLUTE
    $Super$$zt_led_close_gsm_led             0x00000023   ARM Code       0  wmp.sym ABSOLUTE
    $Super$$zt_led_open_gps_led              0x00000024   ARM Code       0  wmp.sym ABSOLUTE
    $Super$$zt_led_close_gps_led             0x00000025   ARM Code       0  wmp.sym ABSOLUTE
    $Super$$GPIO_ModeSetup                   0x00000026   ARM Code       0  wmp.sym ABSOLUTE
    $Super$$GPIO_InitIO                      0x00000027   ARM Code       0  wmp.sym ABSOLUTE
    $Super$$GPIO_WriteIO                     0x00000028   ARM Code       0  wmp.sym ABSOLUTE
    $Super$$GPIO_ReadIO                      0x00000029   ARM Code       0  wmp.sym ABSOLUTE
    $Super$$GetMsgID                         0x0000002a   ARM Code       0  wmp.sym ABSOLUTE
    $Super$$ConstructMsgBuf                  0x0000002b   ARM Code       0  wmp.sym ABSOLUTE
    $Super$$SendMsg                          0x0000002c   ARM Code       0  wmp.sym ABSOLUTE
    $Super$$Get_MMI_MOD                      0x0000002d   ARM Code       0  wmp.sym ABSOLUTE
    $Super$$Get_BT_MOD                       0x0000002e   ARM Code       0  wmp.sym ABSOLUTE
    $Super$$mmi_frm_set_protocol_event_handler 0x0000002f   ARM Code       0  wmp.sym ABSOLUTE
    $Super$$mmi_frm_clear_protocol_event_handler 0x00000030   ARM Code       0  wmp.sym ABSOLUTE
    $Super$$zt_trace_ota                     0x00000031   ARM Code       0  wmp.sym ABSOLUTE
    $Super$$bt_send_data                     0x00000032   ARM Code       0  wmp.sym ABSOLUTE
    $Super$$parse_ver_package                0x00000033   ARM Code       0  wmp.sym ABSOLUTE
    $Super$$zt_start_timer                   0x00000034   ARM Code       0  wmp.sym ABSOLUTE
    $Super$$zt_hall_get_curr_count           0x00000035   ARM Code       0  wmp.sym ABSOLUTE
    $Super$$zt_lundong_get_curr_count        0x00000036   ARM Code       0  wmp.sym ABSOLUTE
    $Super$$bluetooth_reset                  0x00000037   ARM Code       0  wmp.sym ABSOLUTE
    $Super$$GetHWVersion                     0x00000038   ARM Code       0  wmp.sym ABSOLUTE
    $Super$$FS_Open                          0x00000039   ARM Code       0  wmp.sym ABSOLUTE
    $Super$$FS_Close                         0x0000003a   ARM Code       0  wmp.sym ABSOLUTE
    $Super$$FS_Read                          0x0000003b   ARM Code       0  wmp.sym ABSOLUTE
    $Super$$FS_Write                         0x0000003c   ARM Code       0  wmp.sym ABSOLUTE
    $Super$$FS_Seek                          0x0000003d   ARM Code       0  wmp.sym ABSOLUTE
    $Super$$FS_Commit                        0x0000003e   ARM Code       0  wmp.sym ABSOLUTE
    $Super$$FS_GetFilePosition               0x0000003f   ARM Code       0  wmp.sym ABSOLUTE
    $Super$$FS_SetAttributes                 0x00000040   ARM Code       0  wmp.sym ABSOLUTE
    $Super$$FS_GetAttributes                 0x00000041   ARM Code       0  wmp.sym ABSOLUTE
    $Super$$FS_GetFileSize                   0x00000042   ARM Code       0  wmp.sym ABSOLUTE
    $Super$$FS_Rename                        0x00000043   ARM Code       0  wmp.sym ABSOLUTE
    $Super$$FS_Delete                        0x00000044   ARM Code       0  wmp.sym ABSOLUTE
    $Super$$FS_CreateDir                     0x00000045   ARM Code       0  wmp.sym ABSOLUTE
    $Super$$FS_FindFirst                     0x00000046   ARM Code       0  wmp.sym ABSOLUTE
    $Super$$FS_FindNext                      0x00000047   ARM Code       0  wmp.sym ABSOLUTE
    $Super$$FS_FindClose                     0x00000048   ARM Code       0  wmp.sym ABSOLUTE
    $Super$$kal_wsprintf                     0x00000049   ARM Code       0  wmp.sym ABSOLUTE
    $Super$$zt_uart_init_port                0x0000004a   ARM Code       0  wmp.sym ABSOLUTE
    $Super$$zt_uart_write_data               0x0000004b   ARM Code       0  wmp.sym ABSOLUTE
    $Super$$IsMyTimerExist                   0x0000004c   ARM Code       0  wmp.sym ABSOLUTE
    $Super$$GetTimeSec                       0x0000004d   ARM Code       0  wmp.sym ABSOLUTE
    $Super$$zt_Malloc                        0x0000004e   ARM Code       0  wmp.sym ABSOLUTE
    $Super$$zt_Free                          0x0000004f   ARM Code       0  wmp.sym ABSOLUTE
    $Super$$srv_nw_info_get_signal_strength_in_percentage 0x00000050   ARM Code       0  wmp.sym ABSOLUTE
    $Super$$zt_get_imsi                      0x00000051   ARM Code       0  wmp.sym ABSOLUTE
    $Super$$zt_get_imsi_request              0x00000052   ARM Code       0  wmp.sym ABSOLUTE
    Image$$ER_RW$$Length                     0x00000394   Number         0  anon$$obj.o ABSOLUTE
    Image$$ER_ZI$$ZI$$Length                 0x000004e4   Number         0  anon$$obj.o ABSOLUTE
    service_feature                          0x00008004   Data           0  wmp.o(ServiceHeader)
    WriteLogFile                             0x00008018   ARM Code       4  wmp.o(ServiceHeader)
    zt_trace                                 0x00008020   ARM Code       4  wmp.o(ServiceHeader)
    zt_trace_set                             0x00008028   ARM Code       4  wmp.o(ServiceHeader)
    zt_socket_launch                         0x00008030   ARM Code       4  wmp.o(ServiceHeader)
    zt_socket_get_app_id                     0x00008038   ARM Code       4  wmp.o(ServiceHeader)
    zt_socket_free                           0x00008040   ARM Code       4  wmp.o(ServiceHeader)
    zt_socket_send                           0x00008048   ARM Code       4  wmp.o(ServiceHeader)
    zt_lis3dh_get_acce_xyz                   0x00008050   ARM Code       4  wmp.o(ServiceHeader)
    zt_mma_get_acce_xyz                      0x00008058   ARM Code       4  wmp.o(ServiceHeader)
    zt_mma_acce_get_tilt                     0x00008060   ARM Code       4  wmp.o(ServiceHeader)
    zt_voice_play                            0x00008068   ARM Code       4  wmp.o(ServiceHeader)
    zt_reset_system                          0x00008070   ARM Code       4  wmp.o(ServiceHeader)
    ztDelayms                                0x00008078   ARM Code       4  wmp.o(ServiceHeader)
    ztDelayus                                0x00008080   ARM Code       4  wmp.o(ServiceHeader)
    ReadRecord                               0x00008088   ARM Code       4  wmp.o(ServiceHeader)
    WriteRecord                              0x00008090   ARM Code       4  wmp.o(ServiceHeader)
    GetNvramID                               0x00008098   ARM Code       4  wmp.o(ServiceHeader)
    StartTimer                               0x000080a0   ARM Code       4  wmp.o(ServiceHeader)
    StopTimer                                0x000080a8   ARM Code       4  wmp.o(ServiceHeader)
    GetTimerID                               0x000080b0   ARM Code       4  wmp.o(ServiceHeader)
    srv_nw_info_get_service_availability     0x000080b8   ARM Code       4  wmp.o(ServiceHeader)
    zt_lbs_req                               0x000080c0   ARM Code       4  wmp.o(ServiceHeader)
    zt_lbs_get_curr_lbs_info                 0x000080c8   ARM Code       4  wmp.o(ServiceHeader)
    applib_dt_increase_time                  0x000080d0   ARM Code       4  wmp.o(ServiceHeader)
    applib_dt_decrease_time                  0x000080d8   ARM Code       4  wmp.o(ServiceHeader)
    RTC_GetTime_                             0x000080e0   ARM Code       4  wmp.o(ServiceHeader)
    mmi_dt_set_rtc_dt                        0x000080e8   ARM Code       4  wmp.o(ServiceHeader)
    zt_gps_get_curr_gps                      0x000080f0   ARM Code       4  wmp.o(ServiceHeader)
    zt_gps_power_off                         0x000080f8   ARM Code       4  wmp.o(ServiceHeader)
    zt_gps_power_on                          0x00008100   ARM Code       4  wmp.o(ServiceHeader)
    zt_gps_get_pwr_status                    0x00008108   ARM Code       4  wmp.o(ServiceHeader)
    srv_imei_get_imei                        0x00008110   ARM Code       4  wmp.o(ServiceHeader)
    open_led2                                0x00008118   ARM Code       4  wmp.o(ServiceHeader)
    close_led2                               0x00008120   ARM Code       4  wmp.o(ServiceHeader)
    zt_led_open_gsm_led                      0x00008128   ARM Code       4  wmp.o(ServiceHeader)
    zt_led_close_gsm_led                     0x00008130   ARM Code       4  wmp.o(ServiceHeader)
    zt_led_open_gps_led                      0x00008138   ARM Code       4  wmp.o(ServiceHeader)
    zt_led_close_gps_led                     0x00008140   ARM Code       4  wmp.o(ServiceHeader)
    GPIO_ModeSetup                           0x00008148   ARM Code       4  wmp.o(ServiceHeader)
    GPIO_InitIO                              0x00008150   ARM Code       4  wmp.o(ServiceHeader)
    GPIO_WriteIO                             0x00008158   ARM Code       4  wmp.o(ServiceHeader)
    GPIO_ReadIO                              0x00008160   ARM Code       4  wmp.o(ServiceHeader)
    GetMsgID                                 0x00008168   ARM Code       4  wmp.o(ServiceHeader)
    ConstructMsgBuf                          0x00008170   ARM Code       4  wmp.o(ServiceHeader)
    SendMsg                                  0x00008178   ARM Code       4  wmp.o(ServiceHeader)
    Get_MMI_MOD                              0x00008180   ARM Code       4  wmp.o(ServiceHeader)
    Get_BT_MOD                               0x00008188   ARM Code       4  wmp.o(ServiceHeader)
    mmi_frm_set_protocol_event_handler       0x00008190   ARM Code       4  wmp.o(ServiceHeader)
    mmi_frm_clear_protocol_event_handler     0x00008198   ARM Code       4  wmp.o(ServiceHeader)
    zt_trace_ota                             0x000081a0   ARM Code       4  wmp.o(ServiceHeader)
    bt_send_data                             0x000081a8   ARM Code       4  wmp.o(ServiceHeader)
    parse_ver_package                        0x000081b0   ARM Code       4  wmp.o(ServiceHeader)
    zt_start_timer                           0x000081b8   ARM Code       4  wmp.o(ServiceHeader)
    zt_hall_get_curr_count                   0x000081c0   ARM Code       4  wmp.o(ServiceHeader)
    zt_lundong_get_curr_count                0x000081c8   ARM Code       4  wmp.o(ServiceHeader)
    bluetooth_reset                          0x000081d0   ARM Code       4  wmp.o(ServiceHeader)
    GetHWVersion                             0x000081d8   ARM Code       4  wmp.o(ServiceHeader)
    FS_Open                                  0x000081e0   ARM Code       4  wmp.o(ServiceHeader)
    FS_Close                                 0x000081e8   ARM Code       4  wmp.o(ServiceHeader)
    FS_Read                                  0x000081f0   ARM Code       4  wmp.o(ServiceHeader)
    FS_Write                                 0x000081f8   ARM Code       4  wmp.o(ServiceHeader)
    FS_Seek                                  0x00008200   ARM Code       4  wmp.o(ServiceHeader)
    FS_Commit                                0x00008208   ARM Code       4  wmp.o(ServiceHeader)
    FS_GetFilePosition                       0x00008210   ARM Code       4  wmp.o(ServiceHeader)
    FS_SetAttributes                         0x00008218   ARM Code       4  wmp.o(ServiceHeader)
    FS_GetAttributes                         0x00008220   ARM Code       4  wmp.o(ServiceHeader)
    FS_GetFileSize                           0x00008228   ARM Code       4  wmp.o(ServiceHeader)
    FS_Rename                                0x00008230   ARM Code       4  wmp.o(ServiceHeader)
    FS_Delete                                0x00008238   ARM Code       4  wmp.o(ServiceHeader)
    FS_CreateDir                             0x00008240   ARM Code       4  wmp.o(ServiceHeader)
    FS_FindFirst                             0x00008248   ARM Code       4  wmp.o(ServiceHeader)
    FS_FindNext                              0x00008250   ARM Code       4  wmp.o(ServiceHeader)
    FS_FindClose                             0x00008258   ARM Code       4  wmp.o(ServiceHeader)
    kal_wsprintf                             0x00008260   ARM Code       4  wmp.o(ServiceHeader)
    zt_uart_init_port                        0x00008268   ARM Code       4  wmp.o(ServiceHeader)
    zt_uart_write_data                       0x00008270   ARM Code       4  wmp.o(ServiceHeader)
    IsMyTimerExist                           0x00008278   ARM Code       4  wmp.o(ServiceHeader)
    GetTimeSec                               0x00008280   ARM Code       4  wmp.o(ServiceHeader)
    zt_Malloc                                0x00008288   ARM Code       4  wmp.o(ServiceHeader)
    zt_Free                                  0x00008290   ARM Code       4  wmp.o(ServiceHeader)
    srv_nw_info_get_signal_strength_in_percentage 0x00008298   ARM Code       4  wmp.o(ServiceHeader)
    zt_get_imsi                              0x000082a0   ARM Code       4  wmp.o(ServiceHeader)
    zt_get_imsi_request                      0x000082a8   ARM Code       4  wmp.o(ServiceHeader)
    TK_dll_set_sb                            0x000082b0   ARM Code       0  wmp.o(ServiceHeader)
    dll_test_entry                           0x000082c4   ARM Code       4  main.o(.text)
    DLL_init_SB                              0x000082c8   ARM Code      16  main.o(.text)
    Service_Entry                            0x000082d8   ARM Code     108  main.o(.text)
    zt_main_full_service                     0x00008354   ARM Code      32  zt_main.o(.text)
    zt_main_wait_full_service                0x00008374   ARM Code      76  zt_main.o(.text)
    zt_ota_main                              0x000083c0   ARM Code      84  zt_main.o(.text)
    zt_adc_get_aver_value                    0x00008430   ARM Code      16  zt_smart_control.o(.text)
    adc_convert_mv                           0x00008440   ARM Code      12  zt_smart_control.o(.text)
    zt_get_bat_connect_status                0x0000844c   ARM Code      56  zt_smart_control.o(.text)
    get_electric_gate_status                 0x00008484   ARM Code      16  zt_smart_control.o(.text)
    close_dianmen                            0x00008494   ARM Code      12  zt_smart_control.o(.text)
    open_dianmen                             0x000084a0   ARM Code      12  zt_smart_control.o(.text)
    clear_tangze_lock                        0x000084ac   ARM Code      32  zt_smart_control.o(.text)
    clear_tangze_lock_flag                   0x000084cc   ARM Code      20  zt_smart_control.o(.text)
    tangze_lock_bike                         0x000084e0   ARM Code      64  zt_smart_control.o(.text)
    controller_lock_bike_callback            0x00008520   ARM Code      52  zt_smart_control.o(.text)
    controller_lock_bike                     0x00008554   ARM Code      60  zt_smart_control.o(.text)
    zt_smart_check_lundong_is_run            0x00008590   ARM Code      72  zt_smart_control.o(.text)
    zt_smart_check_hall_is_run               0x000085d8   ARM Code      28  zt_smart_control.o(.text)
    lock_bike                                0x000085f4   ARM Code     220  zt_smart_control.o(.text)
    unlock_bike                              0x000086d0   ARM Code      64  zt_smart_control.o(.text)
    DetectLock                               0x00008710   ARM Code      68  zt_smart_control.o(.text)
    gprs_open_dianmen                        0x00008754   ARM Code      92  zt_smart_control.o(.text)
    open_dianchi_lock                        0x000087b0   ARM Code       4  zt_smart_control.o(.text)
    close_dianchi_lock                       0x000087b4   ARM Code       4  zt_smart_control.o(.text)
    zt_smart_delay_gps_off                   0x000087b8   ARM Code      20  zt_smart_control.o(.text)
    zt_smart_search                          0x000087cc   ARM Code      72  zt_smart_control.o(.text)
    GetTimeStamp                             0x00008814   ARM Code     108  zt_smart_control.o(.text)
    bt_prepare_send_data                     0x00008880   ARM Code     228  zt_smart_control.o(.text)
    zt_controller_send                       0x00008964   ARM Code     160  zt_smart_control.o(.text)
    zt_smart_proc_network_data               0x00008a04   ARM Code    2072  zt_smart_control.o(.text)
    Image$$ER_RO$$Length                     0x00008e54   Number         0  anon$$obj.o ABSOLUTE
    zt_smart_pre_uart_data                   0x0000921c   ARM Code     384  zt_smart_control.o(.text)
    zt_convert_adc                           0x0000939c   ARM Code      48  zt_smart_control.o(.text)
    zt_smart_write_lundong                   0x000093cc   ARM Code      84  zt_smart_control.o(.text)
    zt_smart_write_hall                      0x00009420   ARM Code      84  zt_smart_control.o(.text)
    zt_smart_update_network_data             0x00009474   ARM Code     840  zt_smart_control.o(.text)
    bt_prepare_send_data_ext                 0x000097bc   ARM Code     184  zt_smart_control.o(.text)
    read_data                                0x00009874   ARM Code     140  zt_smart_control.o(.text)
    send_ok_cmd                              0x00009900   ARM Code      44  zt_smart_control.o(.text)
    send_error_cmd                           0x0000992c   ARM Code      40  zt_smart_control.o(.text)
    bt_open_dianmen                          0x00009954   ARM Code      96  zt_smart_control.o(.text)
    bt_giveback_package                      0x000099b4   ARM Code     164  zt_smart_control.o(.text)
    judge_zuche_valid                        0x00009a58   ARM Code      40  zt_smart_control.o(.text)
    bt_prepare_send_heart_data               0x00009a80   ARM Code     192  zt_smart_control.o(.text)
    bt_uart_send_heart                       0x00009b40   ARM Code      68  zt_smart_control.o(.text)
    bt_disconnect_callback                   0x00009b84   ARM Code      52  zt_smart_control.o(.text)
    uart1_parse_proc                         0x00009bb8   ARM Code     840  zt_smart_control.o(.text)
    restartSystem                            0x00009f00   ARM Code       4  zt_smart_control.o(.text)
    bt_parse_proc                            0x00009f04   ARM Code     964  zt_smart_control.o(.text)
    bt_parse_actual_data_hdlr                0x0000a2c8   ARM Code     260  zt_smart_control.o(.text)
    check_zhendong                           0x0000a3cc   ARM Code      28  zt_smart_control.o(.text)
    check_sharp_zhendong                     0x0000a3e8   ARM Code      40  zt_smart_control.o(.text)
    zt_alarm_period_callback                 0x0000a410   ARM Code      20  zt_smart_control.o(.text)
    getPerimeter                             0x0000a424   ARM Code     124  zt_smart_control.o(.text)
    get_hall_for_speed                       0x0000a4a0   ARM Code      84  zt_smart_control.o(.text)
    zt_smart_check_gb_speed                  0x0000a4f4   ARM Code      88  zt_smart_control.o(.text)
    zt_smart_proce_gb                        0x0000a54c   ARM Code      48  zt_smart_control.o(.text)
    zt_smart_check_lundong                   0x0000a57c   ARM Code     480  zt_smart_control.o(.text)
    zt_smart_key_detect_proc                 0x0000a75c   ARM Code     220  zt_smart_control.o(.text)
    zt_gps_valid                             0x0000a838   ARM Code      32  zt_smart_control.o(.text)
    zt_lbs_valid                             0x0000a858   ARM Code      28  zt_smart_control.o(.text)
    zt_time_expiry                           0x0000a874   ARM Code      44  zt_smart_control.o(.text)
    zt_agps_process                          0x0000a8a0   ARM Code     112  zt_smart_control.o(.text)
    zt_smart_check_gps_pwr                   0x0000a910   ARM Code      96  zt_smart_control.o(.text)
    zt_smart_dianmen_init                    0x0000a970   ARM Code      76  zt_smart_control.o(.text)
    parse_adc_hdlr                           0x0000a9bc   ARM Code      32  zt_smart_control.o(.text)
    parse_hall_hdlr                          0x0000a9dc   ARM Code      24  zt_smart_control.o(.text)
    parse_lundong_hdlr                       0x0000a9f4   ARM Code      24  zt_smart_control.o(.text)
    parse_imsi_package                       0x0000aa0c   ARM Code      96  zt_smart_control.o(.text)
    zt_controller_proc                       0x0000aa6c   ARM Code     892  zt_smart_control.o(.text)
    get_int_num                              0x0000ade8   ARM Code     384  zt_smart_control.o(.text)
    modify_service_address                   0x0000af68   ARM Code     824  zt_smart_control.o(.text)
    parse_uart2_hdlr                         0x0000b2a0   ARM Code     208  zt_smart_control.o(.text)
    parse_lbs_hdlr                           0x0000b370   ARM Code      16  zt_smart_control.o(.text)
    zt_smart_read_hall                       0x0000b380   ARM Code      88  zt_smart_control.o(.text)
    zt_smart_read_lundong                    0x0000b3d8   ARM Code      88  zt_smart_control.o(.text)
    zt_smart_init                            0x0000b430   ARM Code     828  zt_smart_control.o(.text)
    abs_S8                                   0x0000b76c   ARM Code      16  zt_gsensor.o(.text)
    zt_gsensor_get_curr_max_shake_value      0x0000b77c   ARM Code      56  zt_gsensor.o(.text)
    zt_gsensor_get_shake_num                 0x0000b7b4   ARM Code      68  zt_gsensor.o(.text)
    zt_gsensor_check_is_shake_sharp          0x0000b7f8   ARM Code       4  zt_gsensor.o(.text)
    zt_gsensor_check_is_moving               0x0000b7fc   ARM Code       4  zt_gsensor.o(.text)
    zt_gsensor_check_is_motionless           0x0000b800   ARM Code      36  zt_gsensor.o(.text)
    zt_gsensor_get_shake_change              0x0000b824   ARM Code     300  zt_gsensor.o(.text)
    zt_gsensor_get_curr_shake_value          0x0000b950   ARM Code       4  zt_gsensor.o(.text)
    zt_gsensor_shake_detect_timer_proc       0x0000b954   ARM Code      80  zt_gsensor.o(.text)
    zt_gsensor_init                          0x0000b9a4   ARM Code      28  zt_gsensor.o(.text)
    get_crc16                                0x0000b9cc   ARM Code      84  kfd_protocol.o(.text)
    zt_hex_convert_str                       0x0000ba20   ARM Code     116  kfd_protocol.o(.text)
    GetNetworkService                        0x0000ba94   ARM Code      32  kfd_protocol.o(.text)
    GetConnectTimes                          0x0000bab4   ARM Code      16  kfd_protocol.o(.text)
    kfd_srv_data_req_proc                    0x0000bac4   ARM Code     364  kfd_protocol.o(.text)
    kfd_dev_data_proc                        0x0000bc30   ARM Code      48  kfd_protocol.o(.text)
    kfd_calibration_time                     0x0000bc60   ARM Code      80  kfd_protocol.o(.text)
    kfd_get_sn                               0x0000bcb0   ARM Code      28  kfd_protocol.o(.text)
    kfd_format_cb_to_buffer                  0x0000bccc   ARM Code     220  kfd_protocol.o(.text)
    kfd_send_package                         0x0000bda8   ARM Code     220  kfd_protocol.o(.text)
    kfd_upload_ebike_package                 0x0000be84   ARM Code      72  kfd_protocol.o(.text)
    kfd_pre_ebike_package_data               0x0000becc   ARM Code       4  kfd_protocol.o(.text)
    kfd_upload_alarm_package                 0x0000bed0   ARM Code     716  kfd_protocol.o(.text)
    kfd_upload_lbs_package                   0x0000c19c   ARM Code     268  kfd_protocol.o(.text)
    kfd_lat_long_convert                     0x0000c2a8   ARM Code      24  kfd_protocol.o(.text)
    kfd_convert_gps_data_for_protocol        0x0000c2c0   ARM Code     532  kfd_protocol.o(.text)
    check_gps_upload_valid                   0x0000c4d4   ARM Code      56  kfd_protocol.o(.text)
    kfd_get_best_hdop_gps_data               0x0000c50c   ARM Code     124  kfd_protocol.o(.text)
    kfd_upload_gps_package                   0x0000c588   ARM Code     448  kfd_protocol.o(.text)
    kfd_upload_data_package                  0x0000c748   ARM Code     216  kfd_protocol.o(.text)
    kfd_upload_hb_package                    0x0000c820   ARM Code     128  kfd_protocol.o(.text)
    kfd_upload_imsi_package                  0x0000c8a0   ARM Code     104  kfd_protocol.o(.text)
    kfd_upload_ver_package                   0x0000c908   ARM Code     104  kfd_protocol.o(.text)
    GetPkgTimestamp                          0x0000c970   ARM Code     280  kfd_protocol.o(.text)
    kfd_protocol_proc                        0x0000ca88   ARM Code     784  kfd_protocol.o(.text)
    kfd_protocol_parse                       0x0000cd98   ARM Code     272  kfd_protocol.o(.text)
    kfd_free_connect                         0x0000cea8   ARM Code      40  kfd_protocol.o(.text)
    hex_str_2_bytes                          0x0000ced0   ARM Code     152  kfd_protocol.o(.text)
    kfd_upload_login_package                 0x0000cf68   ARM Code     192  kfd_protocol.o(.text)
    kfd_connect_service                      0x0000d028   ARM Code      92  kfd_protocol.o(.text)
    kfd_reconnect_service                    0x0000d084   ARM Code     124  kfd_protocol.o(.text)
    kfd_get_gps_data_per_period              0x0000d100   ARM Code     324  kfd_protocol.o(.text)
    kfd_upload_give_back_package             0x0000d244   ARM Code     440  kfd_protocol.o(.text)
    kfd_upload_command_rsp_package           0x0000d3fc   ARM Code     132  kfd_protocol.o(.text)
    kfd_protocol_init                        0x0000d480   ARM Code     632  kfd_protocol.o(.text)
    FindString                               0x0000d758   ARM Code     104  zt_agps.o(.text)
    zt_agps_write                            0x0000d7c0   ARM Code     256  zt_agps.o(.text)
    zt_agps_parse                            0x0000d8c0   ARM Code     140  zt_agps.o(.text)
    ftoa                                     0x0000d94c   ARM Code     264  zt_agps.o(.text)
    zt_agps_req_package                      0x0000da54   ARM Code     320  zt_agps.o(.text)
    zt_agps_login_package                    0x0000db94   ARM Code      72  zt_agps.o(.text)
    zt_agps_request                          0x0000dbdc   ARM Code      72  zt_agps.o(.text)
    zt_agps_set_location                     0x0000dc24   ARM Code      20  zt_agps.o(.text)
    zt_write_config_in_fs                    0x0000dcb0   ARM Code      96  zt_interface.o(.text)
    zt_read_config_in_fs                     0x0000dd10   ARM Code      96  zt_interface.o(.text)
    __printf                                 0x0000dd71   Thumb Code   748  __printf.o(.text)
    _printf_return_value                     0x0000e05d   Thumb Code     2  __printf.o(.text)
    _printf_percent                          0x0000e05f   Thumb Code     2  __printf.o(.text)
    _printf_sizespec                         0x0000e061   Thumb Code     2  __printf.o(.text)
    _printf_str                              0x0000e069   Thumb Code    94  _printf_str.o(.text)
    _printf_longlong_hex                     0x0000e0c9   Thumb Code   182  _printf_longlong_hex.o(.text)
    _printf_int_dec                          0x0000e195   Thumb Code    98  _printf_dec.o(.text)
    Inline ARM to Thumb Veneer to __1sprintf 0x0000e208   ARM Code       0  __0sprintf.o(.text)
    __0sprintf                               0x0000e211   Thumb Code    40  __0sprintf.o(.text)
    __1sprintf                               0x0000e211   Thumb Code     0  __0sprintf.o(.text)
    Inline ARM to Thumb Veneer to atoi       0x0000e23c   ARM Code       0  atoi.o(.text)
    atoi                                     0x0000e245   Thumb Code    30  atoi.o(.text)
    __aeabi_memcpy                           0x0000e264   ARM Code       0  rt_memcpy.o(.text)
    __rt_memcpy                              0x0000e264   ARM Code     212  rt_memcpy.o(.text)
    _memcpy_lastbytes                        0x0000e318   ARM Code       0  rt_memcpy.o(.text)
    __aeabi_memclr                           0x0000e338   ARM Code       0  rt_memclr.o(.text)
    __rt_memclr                              0x0000e338   ARM Code      64  rt_memclr.o(.text)
    _memset                                  0x0000e33c   ARM Code       0  rt_memclr.o(.text)
    __aeabi_memcpy4                          0x0000e378   ARM Code       0  rt_memcpy_w.o(.text)
    __aeabi_memcpy8                          0x0000e378   ARM Code       0  rt_memcpy_w.o(.text)
    __rt_memcpy_w                            0x0000e378   ARM Code     100  rt_memcpy_w.o(.text)
    _memcpy_lastbytes_aligned                0x0000e3c4   ARM Code       0  rt_memcpy_w.o(.text)
    __aeabi_memclr4                          0x0000e3dc   ARM Code       0  rt_memclr_w.o(.text)
    __aeabi_memclr8                          0x0000e3dc   ARM Code       0  rt_memclr_w.o(.text)
    __rt_memclr_w                            0x0000e3dc   ARM Code      84  rt_memclr_w.o(.text)
    _memset_w                                0x0000e3e0   ARM Code       0  rt_memclr_w.o(.text)
    Inline ARM to Thumb Veneer to strcpy     0x0000e430   ARM Code       0  strcpy.o(.text)
    strcpy                                   0x0000e439   Thumb Code    74  strcpy.o(.text)
    Inline ARM to Thumb Veneer to strlen     0x0000e488   ARM Code       0  strlen.o(.text)
    strlen                                   0x0000e491   Thumb Code    68  strlen.o(.text)
    __aeabi_uread4                           0x0000e4d8   ARM Code       0  uread4.o(.text)
    __rt_uread4                              0x0000e4d8   ARM Code      32  uread4.o(.text)
    __aeabi_uwrite4                          0x0000e4f8   ARM Code       0  uwrite4.o(.text)
    __rt_uwrite4                             0x0000e4f8   ARM Code      32  uwrite4.o(.text)
    Inline ARM to Thumb Veneer to strcat     0x0000e518   ARM Code       0  strcat.o(.text)
    strcat                                   0x0000e521   Thumb Code    26  strcat.o(.text)
    Inline ARM to Thumb Veneer to strstr     0x0000e53c   ARM Code       0  strstr.o(.text)
    strstr                                   0x0000e545   Thumb Code    42  strstr.o(.text)
    Inline ARM to Thumb Veneer to mktime     0x0000e570   ARM Code       0  mktime.o(.text)
    mktime                                   0x0000e5bb   Thumb Code   350  mktime.o(.text)
    Inline Thumb to ARM Veneer to __aeabi_idivmod 0x0000e725   Thumb Code     0  aeabi_sdiv.o(.text)
    __aeabi_idiv                             0x0000e728   ARM Code       0  aeabi_sdiv.o(.text)
    __aeabi_idivmod                          0x0000e728   ARM Code     384  aeabi_sdiv.o(.text)
    Inline Thumb to ARM Veneer to __aeabi_errno_addr 0x0000e8a9   Thumb Code     0  rt_errno_addr.o(.text)
    __aeabi_errno_addr                       0x0000e8ac   ARM Code      20  rt_errno_addr.o(.text)
    __rt_errno_addr                          0x0000e8ac   ARM Code       0  rt_errno_addr.o(.text)
    _printf_int_common                       0x0000e8c1   Thumb Code   168  _printf_intcommon.o(.text)
    __lib_sel_fp_printf                      0x0000e969   Thumb Code     2  _printf_fp_dec.o(.text)
    _printf_fp_dec_real                      0x0000eb51   Thumb Code   696  _printf_fp_dec.o(.text)
    _printf_char_common                      0x0000ee09   Thumb Code    44  _printf_char_common.o(.text)
    _sputc                                   0x0000ee3d   Thumb Code    10  _sputc.o(.text)
    strtol                                   0x0000ee49   Thumb Code   112  strtol.o(.text)
    Inline Thumb to ARM Veneer to __rt_udiv10 0x0000eebd   Thumb Code     0  rtudiv10.o(.text)
    __rt_udiv10                              0x0000eec0   ARM Code      44  rtudiv10.o(.text)
    __ARM_call_via_r0                        0x0000eeed   Thumb Code     2  callvia.o(.text)
    __call_via_r0                            0x0000eeed   Thumb Code     0  callvia.o(.text)
    __ARM_call_via_r1                        0x0000eeef   Thumb Code     2  callvia.o(.text)
    __call_via_r1                            0x0000eeef   Thumb Code     0  callvia.o(.text)
    __ARM_call_via_r2                        0x0000eef1   Thumb Code     2  callvia.o(.text)
    __call_via_r2                            0x0000eef1   Thumb Code     0  callvia.o(.text)
    __ARM_call_via_r3                        0x0000eef3   Thumb Code     2  callvia.o(.text)
    __call_via_r3                            0x0000eef3   Thumb Code     0  callvia.o(.text)
    __ARM_call_via_r4                        0x0000eef5   Thumb Code     2  callvia.o(.text)
    __call_via_r4                            0x0000eef5   Thumb Code     0  callvia.o(.text)
    __ARM_call_via_r5                        0x0000eef7   Thumb Code     2  callvia.o(.text)
    __call_via_r5                            0x0000eef7   Thumb Code     0  callvia.o(.text)
    __ARM_call_via_r6                        0x0000eef9   Thumb Code     2  callvia.o(.text)
    __call_via_r6                            0x0000eef9   Thumb Code     0  callvia.o(.text)
    __ARM_call_via_r7                        0x0000eefb   Thumb Code     2  callvia.o(.text)
    __call_via_r7                            0x0000eefb   Thumb Code     0  callvia.o(.text)
    Inline Thumb to ARM Veneer to __rt_ctype_table 0x0000eefd   Thumb Code     0  rt_ctype_table.o(.text)
    __rt_ctype_table                         0x0000ef00   ARM Code      24  rt_ctype_table.o(.text)
    Inline Thumb to ARM Veneer to __rt_locale 0x0000ef19   Thumb Code     0  rt_locale.o(.text)
    __rt_locale                              0x0000ef1c   ARM Code      20  rt_locale.o(.text)
    Inline Thumb to ARM Veneer to _ll_udiv10 0x0000ef31   Thumb Code     0  lludiv10.o(.text)
    _ll_udiv10                               0x0000ef34   ARM Code     160  lludiv10.o(.text)
    _btod_etento                             0x0000efd5   Thumb Code   196  bigflt0.o(.text)
    _printf_outstr_char                      0x0000f09d   Thumb Code    32  _printf_outstr_char.o(.text)
    _printf_input_char                       0x0000f0bd   Thumb Code    10  _printf_input_char.o(.text)
    _strtoul                                 0x0000f0c7   Thumb Code   166  _strtoul.o(.text)
    _chval                                   0x0000f16d   Thumb Code    34  _chval.o(.text)
    strcmp                                   0x0000f190   ARM Code     156  strcmp.o(.text)
    __aeabi_uidiv                            0x0000f230   ARM Code       0  aeabi_sdiv.o(.text_udiv)
    __aeabi_uidivmod                         0x0000f230   ARM Code      28  aeabi_sdiv.o(.text_udiv)
    Inline Thumb to ARM Veneer to _btod_d2e  0x0000f24d   Thumb Code     0  btod.o(CL$$btod_d2e)
    _btod_d2e                                0x0000f250   ARM Code      56  btod.o(CL$$btod_d2e)
    _d2e_denorm_low                          0x0000f288   ARM Code      84  btod.o(CL$$btod_d2e_denorm_low)
    _d2e_norm_op1                            0x0000f2dc   ARM Code     104  btod.o(CL$$btod_d2e_norm_op1)
    __btod_div_common                        0x0000f344   ARM Code     716  btod.o(CL$$btod_div_common)
    _e2e                                     0x0000f690   ARM Code     220  btod.o(CL$$btod_e2e)
    Inline Thumb to ARM Veneer to _btod_ediv 0x0000f76d   Thumb Code     0  btod.o(CL$$btod_ediv)
    _btod_ediv                               0x0000f770   ARM Code      52  btod.o(CL$$btod_ediv)
    Inline Thumb to ARM Veneer to _btod_emul 0x0000f7a5   Thumb Code     0  btod.o(CL$$btod_emul)
    _btod_emul                               0x0000f7a8   ARM Code      52  btod.o(CL$$btod_emul)
    __btod_mult_common                       0x0000f7dc   ARM Code     616  btod.o(CL$$btod_mult_common)
    Position Independent Long ARM to Thumb Veneer to _printf_fp_dec_real 0x0000fa44   ARM Code       0  anon$$obj.o(Veneer$$Code)
    __ARM_fpclassify                         0x0000fa54   ARM Code      44  fpclassify.o(i.__ARM_fpclassify)
    Inline Thumb to ARM Veneer to __mathlib_classify 0x0000fa85   Thumb Code     0  classify.o(i.__mathlib_classify)
    __mathlib_classify                       0x0000fa88   ARM Code      56  classify.o(i.__mathlib_classify)
    Inline Thumb to ARM Veneer to __support_dtoi 0x0000fac1   Thumb Code     0  dtoi.o(i.__support_dtoi)
    __support_dtoi                           0x0000fac4   ARM Code      96  dtoi.o(i.__support_dtoi)
    _get_lc_numeric                          0x0000fb24   ARM Code      80  lc_numeric_c.o(locale$$code)
    _get_lc_ctype                            0x0000fb74   ARM Code      80  lc_ctype_c.o(locale$$code)
    __aeabi_d2f                              0x0000fbc4   ARM Code       0  d2f.o(x$fpl$d2f)
    _d2f                                     0x0000fbc4   ARM Code     168  d2f.o(x$fpl$d2f)
    __fpl_inf_d2f                            0x0000fc64   ARM Code       0  d2f.o(x$fpl$d2f)
    __fpl_dcheck_NaN2                        0x0000fc70   ARM Code      12  dcheck.o(x$fpl$dcheck)
    __fpl_dcheck_NaN1                        0x0000fc80   ARM Code      12  dcheck1.o(x$fpl$dcheck1)
    __fpl_dcmp_InfNaN                        0x0000fc90   ARM Code     128  dcmpin.o(x$fpl$dcmpinfnan)
    __fpl_inf_dcmp                           0x0000fcb4   ARM Code       0  dcmpin.o(x$fpl$dcmpinfnan)
    __aeabi_ddiv                             0x0000fd10   ARM Code       0  ddiv.o(x$fpl$ddiv)
    _ddiv                                    0x0000fd10   ARM Code     464  ddiv.o(x$fpl$ddiv)
    __fpl_inf_ddiv                           0x0000fe9c   ARM Code       0  ddiv.o(x$fpl$ddiv)
    _ddiv_mantissas                          0x0000fee0   ARM Code     608  ddiv.o(x$fpl$ddiv)
    __aeabi_d2uiz                            0x000101d0   ARM Code       0  dfixu.o(x$fpl$dfixu)
    _dfixu                                   0x000101d0   ARM Code     132  dfixu.o(x$fpl$dfixu)
    __fpl_inf_dfixu                          0x0001024c   ARM Code       0  dfixu.o(x$fpl$dfixu)
    __aeabi_i2d                              0x00010258   ARM Code       0  dflt_noclz.o(x$fpl$dflt)
    _dflt                                    0x00010258   ARM Code      88  dflt_noclz.o(x$fpl$dflt)
    __dflt_normalise                         0x00010268   ARM Code       0  dflt_noclz.o(x$fpl$dflt)
    __aeabi_ui2d                             0x000102b0   ARM Code       0  dflt_noclz.o(x$fpl$dfltu)
    _dfltu                                   0x000102b0   ARM Code      12  dflt_noclz.o(x$fpl$dfltu)
    __aeabi_cdcmple                          0x000102bc   ARM Code       0  dleqf.o(x$fpl$dleqf)
    _dcmple                                  0x000102bc   ARM Code     132  dleqf.o(x$fpl$dleqf)
    __aeabi_dmul                             0x00010344   ARM Code       0  dmul.o(x$fpl$dmul)
    _dmul                                    0x00010344   ARM Code     460  dmul.o(x$fpl$dmul)
    __fpl_inf_dmul                           0x000104dc   ARM Code       0  dmul.o(x$fpl$dmul)
    __dunder                                 0x00010520   ARM Code     272  dunder.o(x$fpl$dunder)
    __dunder_d                               0x00010630   ARM Code       4  dunder.o(x$fpl$dunder)
    __aeabi_f2d                              0x00010634   ARM Code       0  f2d.o(x$fpl$f2d)
    _f2d                                     0x00010634   ARM Code      96  f2d.o(x$fpl$f2d)
    __fpl_inf_f2d                            0x00010688   ARM Code       0  f2d.o(x$fpl$f2d)
    __fpl_fcheck_NaN2                        0x00010698   ARM Code       8  fcheck.o(x$fpl$fcheck)
    __fpl_fcheck_NaN1                        0x000106a4   ARM Code       8  fcheck1.o(x$fpl$fcheck1)
    __aeabi_fdiv                             0x000106b0   ARM Code       0  fdiv.o(x$fpl$fdiv)
    _fdiv                                    0x000106b0   ARM Code     476  fdiv.o(x$fpl$fdiv)
    __fpl_inf_fdiv                           0x0001084c   ARM Code       0  fdiv.o(x$fpl$fdiv)
    __aeabi_i2f                              0x00010894   ARM Code       0  fflt_noclz.o(x$fpl$fflt)
    _fflt                                    0x00010894   ARM Code      92  fflt_noclz.o(x$fpl$fflt)
    __fflt_normalise                         0x000108a0   ARM Code       0  fflt_noclz.o(x$fpl$fflt)
    __fpl_normalise2                         0x000108f0   ARM Code     148  fnorm2_noclz.o(x$fpl$fnorm2)
    __funder                                 0x00010984   ARM Code     140  funder.o(x$fpl$funder)
    __funder_d                               0x00010a10   ARM Code       4  funder.o(x$fpl$funder)
    Inline Thumb to ARM Veneer to __ieee_status 0x00010a15   Thumb Code     0  istatus.o(x$fpl$ieeestatus)
    __ieee_status                            0x00010a18   ARM Code       8  istatus.o(x$fpl$ieeestatus)
    Inline Thumb to ARM Veneer to _printf_fp_dec 0x00010a21   Thumb Code     0  printf1.o(x$fpl$printf1)
    _printf_fp_dec                           0x00010a24   ARM Code       4  printf1.o(x$fpl$printf1)
    __fpl_return_NaN                         0x00010a28   ARM Code     116  retnan.o(x$fpl$retnan)
    __ARM_scalbn                             0x00010a9c   ARM Code       0  scalbn_noclz.o(x$fpl$scalbn)
    scalbn                                   0x00010a9c   ARM Code     108  scalbn_noclz.o(x$fpl$scalbn)
    __fpl_inf_scalbn                         0x00010b04   ARM Code       0  scalbn_noclz.o(x$fpl$scalbn)
    __fpl_cmpreturn                          0x00010b08   ARM Code      60  trapv.o(x$fpl$trapveneer)
    __I_use_fp                               0x00010b44   Number         0  usenofp.o(x$fpl$usenofp)
    _monlen                                  0x00010c87   Data          12  _monlen.o(.constdata)
    __ctype                                  0x00010d51   Data           0  lc_ctype_c.o(locale$$data)
    dll_version                              0x01000004   Data           4  main.o(.data)
    dll_edition                              0x01000008   Data           4  main.o(.data)
    who_open_electric_gate                   0x0100000c   Data           1  zt_smart_control.o(.data)
    lundong_is_locking                       0x0100000d   Data           1  zt_smart_control.o(.data)
    tangze_is_locking                        0x0100000e   Data           1  zt_smart_control.o(.data)
    gps_delay_off_flag                       0x0100000f   Data           1  zt_smart_control.o(.data)
    alarm_flag                               0x01000010   Data           1  zt_smart_control.o(.data)
    bt_connect_status                        0x01000011   Data           1  zt_smart_control.o(.data)
    bt_heart_rsp_times                       0x01000012   Data           1  zt_smart_control.o(.data)
    zuche_flag                               0x01000013   Data           1  zt_smart_control.o(.data)
    voice_search_times                       0x01000018   Data           1  zt_smart_control.o(.data)
    pre_adc                                  0x0100001a   Data           2  zt_smart_control.o(.data)
    curr_adc                                 0x0100001c   Data           2  zt_smart_control.o(.data)
    aver_adc                                 0x0100001e   Data           2  zt_smart_control.o(.data)
    lundong_count_1sec                       0x01000020   Data           4  zt_smart_control.o(.data)
    hall_count_1sec                          0x01000024   Data           4  zt_smart_control.o(.data)
    pre_time                                 0x01000028   Data           4  zt_smart_control.o(.data)
    zuche_stamptime                          0x0100002c   Data           4  zt_smart_control.o(.data)
    zhendong_count_1sec                      0x01000030   Data           4  zt_smart_control.o(.data)
    curr_hall                                0x01000040   Data           4  zt_smart_control.o(.data)
    curr_lundong                             0x01000044   Data           4  zt_smart_control.o(.data)
    controller                               0x01000048   Data          32  zt_smart_control.o(.data)
    shake_buf_index                          0x01000068   Data           1  zt_gsensor.o(.data)
    shake_buf                                0x01000069   Data           2  zt_gsensor.o(.data)
    zt_acce                                  0x0100006b   Data           3  zt_gsensor.o(.data)
    kfd_work_state                           0x01000070   Data           1  kfd_protocol.o(.data)
    kfd_hb_send_times                        0x01000071   Data           1  kfd_protocol.o(.data)
    kfd_soc_app_id                           0x01000074   Data           1  kfd_protocol.o(.data)
    kfd_sn                                   0x01000076   Data           2  kfd_protocol.o(.data)
    kfd_network_para                         0x01000078   Data         104  kfd_protocol.o(.data)
    agps_soc_app_id                          0x010002e0   Data           1  zt_agps.o(.data)
    agps_network_para                        0x010002e4   Data         104  zt_agps.o(.data)
    agps_info                                0x0100034c   Data          72  zt_agps.o(.data)
    exportfunc                               0x01000394   Data          20  main.o(.bss)
    default_set                              0x010003a8   Data          16  zt_smart_control.o(.bss)
    curr_bat                                 0x010003b8   Data          16  zt_smart_control.o(.bss)
    zt_gsensor_curr_shake_value_array        0x010003c8   Data         300  zt_gsensor.o(.bss)
    gps_tracker_config                       0x010004f8   Data          25  kfd_protocol.o(.bss)
    kfd_gps_data_array                       0x01000518   Data         840  kfd_protocol.o(.bss)


================================================================================

Memory Map of the image

  Image Entry point : 0x000082d8

  Load Region LR_1 (Base: 0x00008000, Size: 0x000091e8, Max: 0xffffffff, PI)

    Execution Region ER_RO (Base: 0x00008000, Size: 0x00008e54, Max: 0xffffffff, PI)

    Base Addr    Size         Type   Attr      Idx    E Section Name        Object

    0x00008000   0x000002c4   Code   RO            1    ServiceHeader       wmp.o
    0x000082c4   0x00000090   Code   RO            7  * .text               main.o
    0x00008354   0x000000dc   Code   RO           12    .text               zt_main.o
    0x00008430   0x0000333c   Code   RO           15    .text               zt_smart_control.o
    0x0000b76c   0x00000260   Code   RO           20    .text               zt_gsensor.o
    0x0000b9cc   0x00001d8c   Code   RO           24    .text               kfd_protocol.o
    0x0000d758   0x00000558   Code   RO           29    .text               zt_agps.o
    0x0000dcb0   0x000000c0   Code   RO           32    .text               zt_interface.o
    0x0000dd70   0x000002f8   Code   RO           36    .text               __printf.o(c_te.l)
    0x0000e068   0x0000005e   Code   RO           39    .text               _printf_str.o(c_te.l)
    0x0000e0c6   0x00000002   PAD
    0x0000e0c8   0x000000cc   Code   RO           41    .text               _printf_longlong_hex.o(c_te.l)
    0x0000e194   0x00000074   Code   RO           44    .text               _printf_dec.o(c_te.l)
    0x0000e208   0x00000008   Ven    RO           46    .text               __0sprintf.o(c_te.l)
    0x0000e210   0x0000002c   Code   RO           46    .text               __0sprintf.o(c_te.l)
    0x0000e23c   0x00000008   Ven    RO           48    .text               atoi.o(c_te.l)
    0x0000e244   0x0000001e   Code   RO           48    .text               atoi.o(c_te.l)
    0x0000e262   0x00000002   PAD
    0x0000e264   0x000000d4   Code   RO           50    .text               rt_memcpy.o(c_te.l)
    0x0000e338   0x00000040   Code   RO           52    .text               rt_memclr.o(c_te.l)
    0x0000e378   0x00000064   Code   RO           54    .text               rt_memcpy_w.o(c_te.l)
    0x0000e3dc   0x00000054   Code   RO           56    .text               rt_memclr_w.o(c_te.l)
    0x0000e430   0x00000008   Ven    RO           58    .text               strcpy.o(c_te.l)
    0x0000e438   0x00000050   Code   RO           58    .text               strcpy.o(c_te.l)
    0x0000e488   0x00000008   Ven    RO           60    .text               strlen.o(c_te.l)
    0x0000e490   0x00000048   Code   RO           60    .text               strlen.o(c_te.l)
    0x0000e4d8   0x00000020   Code   RO           62    .text               uread4.o(c_te.l)
    0x0000e4f8   0x00000020   Code   RO           64    .text               uwrite4.o(c_te.l)
    0x0000e518   0x00000008   Ven    RO           66    .text               strcat.o(c_te.l)
    0x0000e520   0x0000001a   Code   RO           66    .text               strcat.o(c_te.l)
    0x0000e53a   0x00000002   PAD
    0x0000e53c   0x00000008   Ven    RO           68    .text               strstr.o(c_te.l)
    0x0000e544   0x0000002a   Code   RO           68    .text               strstr.o(c_te.l)
    0x0000e56e   0x00000002   PAD
    0x0000e570   0x00000008   Ven    RO           70    .text               mktime.o(c_te.l)
    0x0000e578   0x000001ac   Code   RO           70    .text               mktime.o(c_te.l)
    0x0000e724   0x00000004   Ven    RO           72    .text               aeabi_sdiv.o(c_te.l)
    0x0000e728   0x00000180   Code   RO           72    .text               aeabi_sdiv.o(c_te.l)
    0x0000e8a8   0x00000004   Ven    RO          126    .text               rt_errno_addr.o(c_te.l)
    0x0000e8ac   0x00000014   Code   RO          126    .text               rt_errno_addr.o(c_te.l)
    0x0000e8c0   0x000000a8   Code   RO          139    .text               _printf_intcommon.o(c_te.l)
    0x0000e968   0x000004a0   Code   RO          141    .text               _printf_fp_dec.o(c_te.l)
    0x0000ee08   0x00000034   Code   RO          143    .text               _printf_char_common.o(c_te.l)
    0x0000ee3c   0x0000000a   Code   RO          145    .text               _sputc.o(c_te.l)
    0x0000ee46   0x00000002   PAD
    0x0000ee48   0x00000074   Code   RO          147    .text               strtol.o(c_te.l)
    0x0000eebc   0x00000004   Ven    RO          150    .text               rtudiv10.o(c_te.l)
    0x0000eec0   0x0000002c   Code   RO          150    .text               rtudiv10.o(c_te.l)
    0x0000eeec   0x00000010   Code   RO          169    .text               callvia.o(h_te.l)
    0x0000eefc   0x00000004   Ven    RO          172    .text               rt_ctype_table.o(c_te.l)
    0x0000ef00   0x00000018   Code   RO          172    .text               rt_ctype_table.o(c_te.l)
    0x0000ef18   0x00000004   Ven    RO          174    .text               rt_locale.o(c_te.l)
    0x0000ef1c   0x00000014   Code   RO          174    .text               rt_locale.o(c_te.l)
    0x0000ef30   0x00000004   Ven    RO          183    .text               lludiv10.o(c_te.l)
    0x0000ef34   0x000000a0   Code   RO          183    .text               lludiv10.o(c_te.l)
    0x0000efd4   0x000000c8   Code   RO          185    .text               bigflt0.o(c_te.l)
    0x0000f09c   0x00000020   Code   RO          210    .text               _printf_outstr_char.o(c_te.l)
    0x0000f0bc   0x0000000a   Code   RO          212    .text               _printf_input_char.o(c_te.l)
    0x0000f0c6   0x000000a6   Code   RO          214    .text               _strtoul.o(c_te.l)
    0x0000f16c   0x00000022   Code   RO          229    .text               _chval.o(c_te.l)
    0x0000f18e   0x00000002   PAD
    0x0000f190   0x000000a0   Code   RO          238    .text               strcmp.o(c_te.l)
    0x0000f230   0x0000001c   Code   RO           73    .text_udiv          aeabi_sdiv.o(c_te.l)
    0x0000f24c   0x00000004   Ven    RO          188    CL$$btod_d2e        btod.o(c_te.l)
    0x0000f250   0x00000038   Code   RO          188    CL$$btod_d2e        btod.o(c_te.l)
    0x0000f288   0x00000054   Code   RO          190    CL$$btod_d2e_denorm_low  btod.o(c_te.l)
    0x0000f2dc   0x00000068   Code   RO          189    CL$$btod_d2e_norm_op1  btod.o(c_te.l)
    0x0000f344   0x0000034c   Code   RO          198    CL$$btod_div_common  btod.o(c_te.l)
    0x0000f690   0x000000dc   Code   RO          195    CL$$btod_e2e        btod.o(c_te.l)
    0x0000f76c   0x00000004   Ven    RO          192    CL$$btod_ediv       btod.o(c_te.l)
    0x0000f770   0x00000034   Code   RO          192    CL$$btod_ediv       btod.o(c_te.l)
    0x0000f7a4   0x00000004   Ven    RO          191    CL$$btod_emul       btod.o(c_te.l)
    0x0000f7a8   0x00000034   Code   RO          191    CL$$btod_emul       btod.o(c_te.l)
    0x0000f7dc   0x00000268   Code   RO          197    CL$$btod_mult_common  btod.o(c_te.l)
    0x0000fa44   0x00000010   Ven    RO          281    Veneer$$Code        anon$$obj.o
    0x0000fa54   0x00000030   Code   RO          240    i.__ARM_fpclassify  fpclassify.o(m_ts.l)
    0x0000fa84   0x00000004   Ven    RO          225    i.__mathlib_classify  classify.o(m_ts.l)
    0x0000fa88   0x00000038   Code   RO          225    i.__mathlib_classify  classify.o(m_ts.l)
    0x0000fac0   0x00000004   Ven    RO          227    i.__support_dtoi    dtoi.o(m_ts.l)
    0x0000fac4   0x00000060   Code   RO          227    i.__support_dtoi    dtoi.o(m_ts.l)
    0x0000fb24   0x00000050   Code   RO          217    locale$$code        lc_numeric_c.o(c_te.l)
    0x0000fb74   0x00000050   Code   RO          232    locale$$code        lc_ctype_c.o(c_te.l)
    0x0000fbc4   0x000000ac   Code   RO           88    x$fpl$d2f           d2f.o(fz_ts.l)
    0x0000fc70   0x00000010   Code   RO          153    x$fpl$dcheck        dcheck.o(fz_ts.l)
    0x0000fc80   0x00000010   Code   RO          155    x$fpl$dcheck1       dcheck1.o(fz_ts.l)
    0x0000fc90   0x00000080   Code   RO          157    x$fpl$dcmpinfnan    dcmpin.o(fz_ts.l)
    0x0000fd10   0x000004c0   Code   RO           91    x$fpl$ddiv          ddiv.o(fz_ts.l)
    0x000101d0   0x00000088   Code   RO           94    x$fpl$dfixu         dfixu.o(fz_ts.l)
    0x00010258   0x00000058   Code   RO           99    x$fpl$dflt          dflt_noclz.o(fz_ts.l)
    0x000102b0   0x0000000c   Code   RO           98    x$fpl$dfltu         dflt_noclz.o(fz_ts.l)
    0x000102bc   0x00000088   Code   RO          114    x$fpl$dleqf         dleqf.o(fz_ts.l)
    0x00010344   0x000001dc   Code   RO          102    x$fpl$dmul          dmul.o(fz_ts.l)
    0x00010520   0x00000114   Code   RO          159    x$fpl$dunder        dunder.o(fz_ts.l)
    0x00010634   0x00000064   Code   RO          104    x$fpl$f2d           f2d.o(fz_ts.l)
    0x00010698   0x0000000c   Code   RO          161    x$fpl$fcheck        fcheck.o(fz_ts.l)
    0x000106a4   0x0000000c   Code   RO          163    x$fpl$fcheck1       fcheck1.o(fz_ts.l)
    0x000106b0   0x000001e4   Code   RO          107    x$fpl$fdiv          fdiv.o(fz_ts.l)
    0x00010894   0x0000005c   Code   RO          111    x$fpl$fflt          fflt_noclz.o(fz_ts.l)
    0x000108f0   0x00000094   Code   RO          165    x$fpl$fnorm2        fnorm2_noclz.o(fz_ts.l)
    0x00010984   0x00000090   Code   RO          167    x$fpl$funder        funder.o(fz_ts.l)
    0x00010a14   0x00000004   Ven    RO          223    x$fpl$ieeestatus    istatus.o(fz_ts.l)
    0x00010a18   0x00000008   Code   RO          223    x$fpl$ieeestatus    istatus.o(fz_ts.l)
    0x00010a20   0x00000004   Ven    RO          124    x$fpl$printf1       printf1.o(fz_ts.l)
    0x00010a24   0x00000004   Code   RO          124    x$fpl$printf1       printf1.o(fz_ts.l)
    0x00010a28   0x00000074   Code   RO          219    x$fpl$retnan        retnan.o(fz_ts.l)
    0x00010a9c   0x0000006c   Code   RO          119    x$fpl$scalbn        scalbn_noclz.o(fz_ts.l)
    0x00010b08   0x0000003c   Code   RO          221    x$fpl$trapveneer    trapv.o(fz_ts.l)
    0x00010b44   0x00000000   Code   RO          152    x$fpl$usenofp       usenofp.o(fz_ts.l)
    0x00010b44   0x0000003b   Data   RO           13    .constdata          zt_main.o
    0x00010b7f   0x00000038   Data   RO           17    .constdata          zt_smart_control.o
    0x00010bb7   0x0000009d   Data   RO           26    .constdata          kfd_protocol.o
    0x00010c54   0x00000011   Data   RO           37    .constdata          __printf.o(c_te.l)
    0x00010c65   0x00000022   Data   RO           42    .constdata          _printf_longlong_hex.o(c_te.l)
    0x00010c87   0x0000000c   Data   RO          149    .constdata          _monlen.o(c_te.l)
    0x00010c93   0x00000001   PAD
    0x00010c94   0x00000094   Data   RO          186    .constdata          bigflt0.o(c_te.l)
    0x00010d28   0x0000001c   Data   RO          216    locale$$data        lc_numeric_c.o(c_te.l)
    0x00010d44   0x00000110   Data   RO          231    locale$$data        lc_ctype_c.o(c_te.l)


    Execution Region ER_RW (Base: 0x01000000, Size: 0x00000394, Max: 0xffffffff, PI)

    Base Addr    Size         Type   Attr      Idx    E Section Name        Object

    0x01000000   0x00000004   Data   RW          260    PDT$$ptr            anon$$obj.o
    0x01000004   0x00000008   Data   RW            8    .data               main.o
    0x0100000c   0x0000005c   Data   RW           16    .data               zt_smart_control.o
    0x01000068   0x00000006   Data   RW           21    .data               zt_gsensor.o
    0x0100006e   0x00000002   PAD
    0x01000070   0x00000270   Data   RW           25    .data               kfd_protocol.o
    0x010002e0   0x000000b4   Data   RW           30    .data               zt_agps.o


    Execution Region ER_ZI (Base: 0x01000394, Size: 0x000004e4, Max: 0xffffffff, PI)

    Base Addr    Size         Type   Attr      Idx    E Section Name        Object

    0x01000394   0x00000014   Zero   RW            9    .bss                main.o
    0x010003a8   0x00000020   Zero   RW           18    .bss                zt_smart_control.o
    0x010003c8   0x0000012c   Zero   RW           22    .bss                zt_gsensor.o
    0x010004f4   0x00000004   PAD
    0x010004f8   0x00000368   Zero   RW           27    .bss                kfd_protocol.o
    0x01000860   0x00000004   Zero   RW          127    .bss                rt_errno_addr.o(c_te.l)
    0x01000864   0x00000014   Zero   RW          175    .bss                rt_locale.o(c_te.l)


================================================================================

Image component sizes


      Code (inc. data)   RO Data    RW Data    ZI Data      Debug   Object Name

      7564        628        157        624        872          0   kfd_protocol.o
       144         16          0          8         20       7700   main.o
       708        356          0          0          0        279   wmp.o
      1368        320          0        180          0          0   zt_agps.o
       608         12          0          6        300          0   zt_gsensor.o
       192          0          0          0          0          0   zt_interface.o
       220         28         59          0          0          0   zt_main.o
     13116       2136         56         92         32          0   zt_smart_control.o

    ------------------------------------------------------------------------
     23936       3500        272        916       1228       7980   Object Totals
        16          4          0          4          0          0   (incl. Generated)
         0          0          0          2          4          1   (incl. Padding)

    ------------------------------------------------------------------------

      Code (inc. data)   RO Data    RW Data    ZI Data      Debug   Library Member Name

        52          4          0          0          0          0   __0sprintf.o
       760          6         17          0          0          0   __printf.o
        34          0          0          0          0          0   _chval.o
         0          0         12          0          0          0   _monlen.o
        52          8          0          0          0          0   _printf_char_common.o
       116         18          0          0          0          0   _printf_dec.o
      1184         30          0          0          0          0   _printf_fp_dec.o
        10          0          0          0          0          0   _printf_input_char.o
       168          0          0          0          0          0   _printf_intcommon.o
       204         22         34          0          0          0   _printf_longlong_hex.o
        32          0          0          0          0          0   _printf_outstr_char.o
        94          0          0          0          0          0   _printf_str.o
        10          0          0          0          0          0   _sputc.o
       166          0          0          0          0          0   _strtoul.o
       416          0          0          0          0          0   aeabi_sdiv.o
        38          0          0          0          0          0   atoi.o
       200          4        148          0          0          0   bigflt0.o
      2040        128          0          0          0          0   btod.o
        16          0          0          0          0          0   callvia.o
        60          0          0          0          0          0   classify.o
       172          4          0          0          0          0   d2f.o
        16          4          0          0          0          0   dcheck.o
        16          4          0          0          0          0   dcheck1.o
       128          0          0          0          0          0   dcmpin.o
      1216        144          0          0          0          0   ddiv.o
       136          4          0          0          0          0   dfixu.o
       100          0          0          0          0          0   dflt_noclz.o
       136          4          0          0          0          0   dleqf.o
       476         16          0          0          0          0   dmul.o
       100          0          0          0          0          0   dtoi.o
       276          0          0          0          0          0   dunder.o
       100          4          0          0          0          0   f2d.o
        12          4          0          0          0          0   fcheck.o
        12          4          0          0          0          0   fcheck1.o
       484         76          0          0          0          0   fdiv.o
        92          0          0          0          0          0   fflt_noclz.o
       148          0          0          0          0          0   fnorm2_noclz.o
        48          4          0          0          0          0   fpclassify.o
       144          0          0          0          0          0   funder.o
        12          0          0          0          0          0   istatus.o
        80          8        272          0          0          0   lc_ctype_c.o
        80          8         28          0          0          0   lc_numeric_c.o
       164          0          0          0          0          0   lludiv10.o
       436         12          0          0          0          0   mktime.o
         8          0          0          0          0          0   printf1.o
       116          0          0          0          0          0   retnan.o
        28          4          0          0          0          0   rt_ctype_table.o
        24          4          0          0          4          0   rt_errno_addr.o
        24          4          0          0         20          0   rt_locale.o
        64          0          0          0          0          0   rt_memclr.o
        84          0          0          0          0          0   rt_memclr_w.o
       212          0          0          0          0          0   rt_memcpy.o
       100          0          0          0          0          0   rt_memcpy_w.o
        48          0          0          0          0          0   rtudiv10.o
       108          0          0          0          0          0   scalbn_noclz.o
        34          0          0          0          0          0   strcat.o
       160          4          0          0          0          0   strcmp.o
        88          6          0          0          0          0   strcpy.o
        80          4          0          0          0          0   strlen.o
        50          0          0          0          0          0   strstr.o
       116          4          0          0          0          0   strtol.o
        60          0          0          0          0          0   trapv.o
        32          0          0          0          0          0   uread4.o
         0          0          0          0          0          0   usenofp.o
        32          0          0          0          0          0   uwrite4.o

    ------------------------------------------------------------------------
     11716        550        512          0         24          0   Library Totals
        12          0          1          0          0          0   (incl. Padding)

    ------------------------------------------------------------------------

      Code (inc. data)   RO Data    RW Data    ZI Data      Debug   Library Name

      7512        278        511          0         24          0   c_te.l
      3968        268          0          0          0          0   fz_ts.l
        16          0          0          0          0          0   h_te.l
       208          4          0          0          0          0   m_ts.l

    ------------------------------------------------------------------------
     11716        550        512          0         24          0   Library Totals

    ------------------------------------------------------------------------

================================================================================


      Code (inc. data)   RO Data    RW Data    ZI Data      Debug   

     35652       4050        784        916       1252       7980   Grand Totals
     35652       4050        784        916       1252       7980   ELF Image Totals
     35652       4050        784        916          0          0   ROM Totals

================================================================================

    Total RO  Size (Code + RO Data)                36436 (  35.58kB)
    Total RW  Size (RW Data + ZI Data)              2168 (   2.12kB)
    Total ROM Size (Code + RO Data + RW Data)      37352 (  36.48kB)

================================================================================

